⚠ No build cache found. Please configure build caching for faster rebuilds. Read more: https://nextjs.org/docs/messages/no-cache
Attention: Next.js now collects completely anonymous telemetry regarding usage.
This information is used to shape Next.js' roadmap and prioritize features.
You can learn more, including how to opt-out if you'd not like to participate in this anonymous program, by visiting the following URL:
https://nextjs.org/telemetry

   ▲ Next.js 15.5.27
   - Experiments (use with caution):
     · serverActions

   Creating an optimized production build ...
 ✓ Compiled successfully in 8.8s
   Skipping validation of types
   Linting ...
   Collecting page data ...
   Generating static pages (0/3429) ...
   Generating static pages (857/3429) 
   Generating static pages (1714/3429) 
   Generating static pages (2571/3429) 
 ✓ Generating static pages (3429/3429)
   Finalizing page optimization ...
   Collecting build traces ...

Route (app)                                                                                            Size  First Load JS  Revalidate  Expire
┌ ○ /_not-found                                                                                       994 B         104 kB
├ ● /[locale]                                                                                         446 B         106 kB
├   ├ /pt
├   ├ /en
├   └ /es
├ ● /[locale]/[section]                                                                               181 B         106 kB
├   ├ /pt/noticias
├   ├ /pt/musica
├   ├ /pt/charts
├   └ [+15 more paths]
├ ● /[locale]/[section]/[slug]                                                                        181 B         106 kB          1m      1y
├   ├ /pt/noticias/val-marchiori-colonoscopia-massa-2-cm-intestino-biopsia-pede-oracoes-2610102310                                  1m      1y
├   ├ /pt/musica/ivete-sangalo-lucidez-show-fortaleza-coro-lula-segundo-turno-2610102301                                            1m      1y
├   ├ /pt/musica/analise-judeline-la-falda-amelie-rossy-de-palma-jamon-jamon-2610102316                                             1m      1y
├   └ [+1743 more paths]
├ ● /[locale]/p                                                                                       181 B         106 kB          1h      1y
├   ├ /pt/p                                                                                                                         1h      1y
├   ├ /en/p                                                                                                                         1h      1y
├   └ /es/p                                                                                                                         1h      1y
├ ● /[locale]/p/[slug]                                                                                181 B         106 kB          5m      1y
├   ├ /pt/p/taylor-swift                                                                                                            5m      1y
├   ├ /pt/p/beyonce                                                                                                                 5m      1y
├   ├ /pt/p/rihanna                                                                                                                 5m      1y
├   └ [+1650 more paths]
├ ƒ /admin                                                                                            181 B         106 kB
├ ƒ /admin/famosos                                                                                    181 B         106 kB
├ ƒ /admin/famosos/[slug]                                                                             181 B         106 kB
├ ƒ /admin/login                                                                                      164 B         106 kB
├ ƒ /admin/materias                                                                                   181 B         106 kB
├ ƒ /admin/materias/[id]                                                                              181 B         106 kB
├ ○ /icon.svg                                                                                           0 B            0 B
├ ○ /robots.txt                                                                                       127 B         103 kB
└ ○ /sitemap.xml                                                                                      127 B         103 kB
+ First Load JS shared by all                                                                        103 kB
  ├ chunks/255-ce8c7c75002f810b.js                                                                  46.5 kB
  ├ chunks/4bd1b696-c023c6e3521b1417.js                                                             54.2 kB
  └ other shared chunks (total)                                                                     1.94 kB


ƒ Middleware                                                                                        34.8 kB

○  (Static)   prerendered as static content
●  (SSG)      prerendered as static HTML (uses generateStaticParams)
ƒ  (Dynamic)  server-rendered on demand

exit=0
